---
source: src/low_level.rs
expression: actual
---
b"\xbb\0x\x9c\xcbH\xcd\xc9\xc9W(\xcf/\xcaI\x01\0\x1a\x0b\x04]"
