---
source: src/high_level.rs
expression: stdout
---
65f57c2ee985713476ac0b6e3483e6fe472e2176 blob   256 23 12
556fdb625a861caa62cdb0ed1679b03605d4844e blob   4 14 35
bc7774a7b18deb1d7bd0212d34246a9b1260ae17 blob   12 22 49
6123a501156670e9ad772926ffde2d282782f60d tree   33 46 71
b3d17d9cf721128fe605a8895ab375c17517896f tree   28 37 117
41c6781f25ddb13d8ef2ecfebf50caba2c4747ea tree   33 46 154
2c5a03f4e06322f845afffee2515c213df662f3d tree   28 37 200
7c3b586d518694f71878ff437f1a271dad248f76 tree   89 102 237
79d1ae79ac5da77976b123c848d31f15f564fe66 commit 134 107 339
non delta: 9 objects
/path/to/example.pack: ok

